1790518631.424 02
1790518631.424 26fff4169e501e
1790518631.440 16
1790518631.440 9f4b28157c0021157d010e157e
1790518631.456 00
1790518631.456 3c166e01fe16160036158b0000
1790518631.472 16
1790518631.472 81f83015cd00031620150d1621
1790518631.488 00
1790518631.488 03158900001587000015880000
1790518631.504 15
1790518631.504 9b000001f60000028e00000298
1790518631.520 00
1790518631.520 000299000002450000021878ad
1790518639.421 02
1790518639.421 26fff4
1790518639.437 16
1790518639.437 f9000116c2000016f9000016f9
1790518639.453 00
1790518639.453 0216c2000016f9000016f10000
1790518639.469 16
1790518639.469 f200000218f724
1790518643.433 02
1790518643.433 26fff40218a1de
1790518647.428 02
1790518647.428 26fff4169e501e169f4b2815
1790518647.444 7c
1790518647.444 0021157d010e157e003c166e01
1790518647.460 fe
1790518647.460 16160036158b00001681f830
1790518647.476 15
1790518647.476 cd00031620150e162100031589
1790518647.492 00
1790518647.492 001587000015880000159b0000
1790518647.508 01
1790518647.508 f60000028e0000029800000299
1790518647.524 00
1790518647.524 00024500000218d3c5
1790518651.423 02
1790518651.423 26fff415a7001516ff
1790518651.439 00
1790518651.439 0616f800dc15b700f016840000
1790518651.455 02
1790518651.455 18954d
1790518655.419 02
1790518655.419 26fff416f9
1790518655.435 00
1790518655.435 0116c2000016f9000016f90002
1790518655.451 16
1790518655.451 c2000016f9000016f1000016f2
1790518655.467 00
1790518655.467 000218f724
1790518659.414 02
1790518659.414 26
1790518659.430 ff
1790518659.430 f40218a1de
1790518663.425 02
1790518663.425 26fff4169e501e169f
1790518663.441 4b
1790518663.441 28157c0021157d010e157e003c
1790518663.457 16
1790518663.457 6e01fe16160036158b00001681
1790518663.473 f8
1790518663.473 3015cd00031620150e16210003
1790518663.489 15
1790518663.489 8900001587000015880000159b
1790518663.505 00
1790518663.505 0001f60000028e000002980000
1790518663.521 02
1790518663.521 990000024500000218d3c5
